<?xml version="1.0" encoding="UTF-8"?>
<TestRun id="47e052da-bc2d-42b2-ad9e-5090729118fb" name="eclorina@ITSM1033954 2012-10-11 22:58:42" runUser="ACADEMIC\eclorina" xmlns="http://microsoft.com/schemas/VisualStudio/TeamTest/2010">
  <TestSettings name="Local" id="f6f5894d-bf36-4e2e-b51c-eaefe52a5be0">
    <Description>These are default test settings for a local test run.</Description>
    <Deployment enabled="false" runDeploymentRoot="eclorina_ITSM1033954 2012-10-11 22_58_42">
      <DeploymentItem filename="C:\Users\eclorina\Dropbox\Public\Term3\.NET Programming\NETEdwardClorina\NETEdwardClorina\bin\Debug\NETEdwardClorina.exe" />
      <DeploymentItem filename="C:\Users\eclorina\Dropbox\Public\Term3\.NET Programming\NETEdwardClorina\BusinessTier\bin\Debug\BusinessTier.dll" />
    </Deployment>
    <Execution>
      <TestTypeSpecific />
      <AgentRule name="Execution Agents">
      </AgentRule>
    </Execution>
  </TestSettings>
  <Times creation="2012-10-11T22:58:42.0172087-05:00" queuing="2012-10-11T22:58:42.0892128-05:00" start="2012-10-11T22:58:42.0992133-05:00" finish="2012-10-11T22:58:42.4402329-05:00" />
  <ResultSummary outcome="Failed">
    <Counters total="1" executed="1" error="0" failed="1" timeout="0" aborted="0" inconclusive="0" passedButRunAborted="0" notRunnable="0" notExecuted="0" disconnected="0" warning="0" passed="0" completed="0" inProgress="0" pending="0" />
    <RunInfos>
      <RunInfo computerName="ITSM1033954" outcome="Warning" timestamp="2012-10-11T22:58:42.0772121-05:00">
        <Text>Deployment is currently disabled. The deployment item 'NETEdwardClorina.exe' on test 'EdwardClorinaTest.frmServiceTest.textLeaveChangedTest_Numeric' was not deployed.</Text>
      </RunInfo>
    </RunInfos>
  </ResultSummary>
  <TestDefinitions>
    <UnitTest name="textLeaveChangedTest_Numeric" storage="c:\users\eclorina\dropbox\public\term3\.net programming\netedwardclorina\edwardclorinatest\bin\debug\edwardclorinatest.dll" id="5742311f-0f22-487a-e746-358c37201c0a">
      <DeploymentItems>
        <DeploymentItem filename="NETEdwardClorina.exe" />
      </DeploymentItems>
      <Execution id="7a6e2a0c-bedc-4150-bbb8-d1a98c81641a" />
      <TestMethod codeBase="C:/Users/eclorina/Dropbox/Public/Term3/.NET Programming/NETEdwardClorina/EdwardClorinaTest/bin/Debug/EdwardClorinaTest.DLL" adapterTypeName="Microsoft.VisualStudio.TestTools.TestTypes.Unit.UnitTestAdapter, Microsoft.VisualStudio.QualityTools.Tips.UnitTest.Adapter, Version=10.0.0.0, Culture=neutral, PublicKeyToken=b03f5f7f11d50a3a" className="EdwardClorinaTest.frmServiceTest, EdwardClorinaTest, Version=1.0.0.0, Culture=neutral, PublicKeyToken=null" name="textLeaveChangedTest_Numeric" />
    </UnitTest>
  </TestDefinitions>
  <TestLists>
    <TestList name="Results Not in a List" id="8c84fa94-04c1-424b-9868-57a2d4851a1d" />
    <TestList name="All Loaded Results" id="19431567-8539-422a-85d7-44ee4e166bda" />
  </TestLists>
  <TestEntries>
    <TestEntry testId="5742311f-0f22-487a-e746-358c37201c0a" executionId="7a6e2a0c-bedc-4150-bbb8-d1a98c81641a" testListId="8c84fa94-04c1-424b-9868-57a2d4851a1d" />
  </TestEntries>
  <Results>
    <UnitTestResult executionId="7a6e2a0c-bedc-4150-bbb8-d1a98c81641a" testId="5742311f-0f22-487a-e746-358c37201c0a" testName="textLeaveChangedTest_Numeric" computerName="ITSM1033954" duration="00:00:00.0760043" startTime="2012-10-11T22:58:42.1082139-05:00" endTime="2012-10-11T22:58:42.4152314-05:00" testType="13cdc9d9-ddb5-4fa4-a97d-d965ccfc6d4b" outcome="Failed" testListId="8c84fa94-04c1-424b-9868-57a2d4851a1d" relativeResultsDirectory="7a6e2a0c-bedc-4150-bbb8-d1a98c81641a">
      <Output>
        <ErrorInfo>
          <Message>Test method EdwardClorinaTest.frmServiceTest.textLeaveChangedTest_Numeric threw exception: 
System.InvalidCastException: Unable to cast object of type 'NETEdwardClorina.frmService' to type 'System.Windows.Forms.TextBox'.</Message>
          <StackTrace>   at NETEdwardClorina.frmService_Accessor.textLeaveChanged(Object sender, EventArgs e)
   at EdwardClorinaTest.frmServiceTest.textLeaveChangedTest_Numeric() in C:\Users\eclorina\Dropbox\Public\Term3\.NET Programming\NETEdwardClorina\EdwardClorinaTest\frmServiceTest.vb:line 94
</StackTrace>
        </ErrorInfo>
      </Output>
    </UnitTestResult>
  </Results>
</TestRun>